// Jest Snapshot v1, https://goo.gl/fbAQLP

exports[`Get information from a course round example from documentation 1`] = `
{
  "courseCode": "DD2380",
  "credits": 6,
  "gradingScheme": {},
  "modules": [
    {
      "code": "LAB2",
      "credits": 4,
      "name": {
        "en": "Laboratory work",
        "sv": "Laborationer",
      },
    },
    {
      "code": "RAP1",
      "credits": 0.5,
      "name": {
        "en": "Report",
        "sv": "Rapport",
      },
    },
    {
      "code": "TEN2",
      "credits": 1.5,
      "name": {
        "en": "Written exam",
        "sv": "Skriftlig tentamen",
      },
    },
  ],
  "name": {
    "en": "Artificial Intelligence",
    "sv": "Artificiell intelligens",
  },
  "organisation": {
    "code": "",
  },
  "organisationUnit": {
    "code": "JR",
  },
}
`;
