// Jest Snapshot v1, https://goo.gl/fbAQLP

exports[`Gets information from the course DD1321 example from documentation 1`] = `
{
  "course": {
    "code": "DD2380",
    "name": {
      "en": "Artificial Intelligence",
      "sv": "Artificiell intelligens",
    },
  },
  "round": {
    "periods": [
      1,
    ],
  },
  "syllabus": {
    "goals": "<p>Efter godk&#228;nd kurs ska studenten kunna</p><ol><li>till&#228;mpa olika principer inom Artificiell Intelligens (AI)</li><li>v&#228;lja l&#228;mpliga verktyg och implementera effektiva l&#246;sningar p&#229; problem inom AI</li><li>integrera verktyg f&#246;r att designa datorprogram som visar olika egenskaper som f&#246;rv&#228;ntas av ett intelligent system</li><li>presentera, analysera, och ber&#228;ttiga en egen l&#246;sning p&#229; ett AI-problem</li><li>reflektera &#246;ver och diskutera g&#228;llande sociala och etiska aspekter av AI</li></ol><p>i syfte att kunna</p><ul><li>dra nytta av metoder inom artificiell intelligens&#160;vid analys, design och implementation av datorprogram</li><li>bidra till design av ett intelligent system i s&#229;v&#228;l akademiska som industriella till&#228;mpningar.</li></ul>",
  },
}
`;
