// Jest Snapshot v1, https://goo.gl/fbAQLP

exports[`RegistreringEvent writes correct data to db 1`] = `
{
  "CourseRound": {
    "canceled": false,
    "canvasSisId": "TBD",
    "courseCode": "TBD",
    "courseExaminor": {},
    "courseGoal": "The course aims to give basic knowledge of programming in F#.",
    "courseResponsible": {},
    "courseTeachers": [],
    "credits": "TBD",
    "displayYear": "TBD",
    "endDate": "TBD",
    "gradingDistribution": {},
    "id": "41717c91-4028-11ee-bf53-2115569549a8",
    "institution": {},
    "ladokCourseId": "e51b9586-9501-11ee-a0ce-a9a57d284dbd",
    "ladokCourseRoundId": "41717c91-4028-11ee-bf53-2115569549a8",
    "language": "sv",
    "modules": [],
    "name": "Programmeringsteknik f√∂r F",
    "nrofRegisteredStudents": 1,
    "nrofReportedResults": 0,
    "organization": {},
    "period": "P1",
    "programs": [],
  },
}
`;
