// Jest Snapshot v1, https://goo.gl/fbAQLP

exports[`RegistreringEvent writes correct data to db 1`] = `
{
  "CourseRound": {
    "canceled": false,
    "canvasSisId": "TBD",
    "courseCode": "DD1321",
    "courseExaminor": {},
    "courseGoal": "The course aims to give basic knowledge of programming in F#.",
    "courseResponsible": {
      "email": "cr@email.com",
      "fullName": "Course Responsible",
      "kthUserId": "u1responsible",
      "userName": "cr",
    },
    "courseTeachers": [
      {
        "email": "t1@email.com",
        "fullName": "First Teacher",
        "kthUserId": "u1teacher1",
        "userName": "t1",
      },
      {
        "email": "t2@email.com",
        "fullName": "Second Teacher",
        "kthUserId": "u1teacher2",
        "userName": "t2",
      },
    ],
    "credits": "7.5",
    "displayYear": "TBD",
    "endDate": "TBD",
    "gradingDistribution": {},
    "id": "41717c91-4028-11ee-bf53-2115569549a8",
    "institution": {},
    "ladokCourseId": "e51b9586-9501-11ee-a0ce-a9a57d284dbd",
    "ladokCourseRoundId": "41717c91-4028-11ee-bf53-2115569549a8",
    "language": "sv",
    "modules": [],
    "name": "Programmeringsteknik f√∂r F",
    "nrofRegisteredStudents": 1,
    "nrofReportedResults": 0,
    "organization": {},
    "period": "P1",
    "programs": [],
  },
}
`;
