// Jest Snapshot v1, https://goo.gl/fbAQLP

exports[`ResultatPaModulAttesteratEvent stores a transaction log 1`] = `
[
  {
    "action": "insert",
    "collectionName": "ReportedResult",
    "createdAt": "1884-01-01 Test Dummy",
    "delta": {
      "decision": "34b1ff17-603e-11e9-9dcc-b1e66e1540b0",
      "hashedStudentId": "3eb523553de70cfdee1fea0ed6b9ec9d7779de0e877761bfe82860b2669f609c",
      "id": "e540d686-b3b8-11ee-bf6a-e2af0a9345af-3eb523553de70cfdee1fea0ed6b9ec9d7779de0e877761bfe82860b2669f609c",
      "ladokCourseRoundId": "f1b8ac31-b3b8-11ee-bf6a-e2af0a9345af",
      "metaData": {
        "BetygsgradID": 131697,
        "BetygsskalaID": 131657,
        "HandelseUID": "22a5b75c-b446-11ee-988f-6acd08c746d6",
        "ResultatUID": "b42577ac-b3b9-11ee-816b-5383fced4224",
      },
      "parentId": "e540d686-b3b8-11ee-bf6a-e2af0a9345af",
      "result": "string",
    },
    "relatedId": "__dummy_id__",
  },
]
`;
