// Jest Snapshot v1, https://goo.gl/fbAQLP

exports[`AttesteratResultatMakuleratEvent writes correct data to db 1`] = `{}`;
