// Jest Snapshot v1, https://goo.gl/fbAQLP

exports[`ModulTillStatusEvent writes correct data to db 1`] = `
{
  "CourseRound": {
    "id": "e51b9585-9501-11ee-a0ce-a9a57d284dbd",
    "modules": [
      {
        "id": "6b741a05-9505-11ee-a0ce-a9a57d284dbd",
      },
    ],
  },
}
`;
