// Jest Snapshot v1, https://goo.gl/fbAQLP

exports[`PaborjadUtbildningEvent writes correct data to db 1`] = `{}`;
