// Jest Snapshot v1, https://goo.gl/fbAQLP

exports[`ResultatPaModulAttesteratEvent writes correct data to db 1`] = `{}`;
