// Jest Snapshot v1, https://goo.gl/fbAQLP

exports[`ResultatPaHelKursAttesteratEvent writes correct data to db 1`] = `{}`;
