// Jest Snapshot v1, https://goo.gl/fbAQLP

exports[`/api/course-rounds/{id}/grading-distribution.png can be executed 1`] = `
{
  "body": Blob {
    Symbol(kHandle): Blob {},
    Symbol(kLength): 7841,
    Symbol(kType): "",
  },
  "status": 200,
}
`;
